******************************************************************************
                  TI ARM Linker Unix v18.1.1                   
******************************************************************************
>> Linked Tue Jun  5 23:31:51 2018

OUTPUT FILE NAME:   <uart_echo.out>
ENTRY POINT SYMBOL: "_c_int00_noargs"  address: 00000d29


MEMORY CONFIGURATION

         name            origin    length      used     unused   attr    fill
----------------------  --------  ---------  --------  --------  ----  --------
  FLASH                 00000000   00100000  000011a8  000fee58  R  X
  SRAM                  20000000   00040000  00000109  0003fef7  RW X


SEGMENT ALLOCATION MAP

run origin  load origin   length   init length attrs members
----------  ----------- ---------- ----------- ----- -------
00000000    00000000    000011a8   000011a8    r-x
  00000000    00000000    00000200   00000200    r-- .intvecs
  00000200    00000200    00000c7c   00000c7c    r-x .text
  00000e7c    00000e7c    000002fc   000002fc    r-- .const
  00001178    00001178    00000030   00000030    r-- .cinit
20000000    20000000    0000010c   00000000    rw-
  20000000    20000000    00000100   00000000    rw- .stack
  20000100    20000100    00000005   00000000    rw- .data
  20000108    20000108    00000004   00000000    rw- .bss


SECTION ALLOCATION MAP

 output                                  attributes/
section   page    origin      length       input sections
--------  ----  ----------  ----------   ----------------
.intvecs   0    00000000    00000200     
                  00000000    00000200     startup_ccs.obj (.intvecs)

.text      0    00000200    00000c7c     
                  00000200    00000200     driverlib.lib : sysctl.obj (.text:SysCtlClockFreqSet)
                  00000400    000001ea     uart_echo.obj (.text:UARTvprintf)
                  000005ea    00000132     driverlib.lib : gpio.obj (.text:GPIOPadConfigSet)
                  0000071c    00000114     uart_echo.obj (.text:main)
                  00000830    000000a8     uart_echo.obj (.text:RSInit)
                  000008d8    0000009c     rtsv7M4_T_le_v4SPD16_eabi.lib : memcpy_t2.asm.obj (.text)
                  00000974    00000088     uart_echo.obj (.text:ConsoleInit)
                  000009fc    00000084     uart_echo.obj (.text:ConsoleIntHandler)
                  00000a80    00000084     uart_echo.obj (.text:UARTIntHandler)
                  00000b04    00000068     rtsv7M4_T_le_v4SPD16_eabi.lib : copy_decompress_lzss.c.obj (.text:decompress:lzss:__TI_decompress_lzss)
                  00000b6c    00000060     uart_echo.obj (.text:UARTStdioConfig)
                  00000bcc    00000048     driverlib.lib : gpio.obj (.text:GPIOPinConfigure)
                  00000c14    00000048     uart_echo.obj (.text:UARTwrite)
                  00000c5c    00000048     driverlib.lib : sysctl.obj (.text:_SysCtlFrequencyGet)
                  00000ca4    00000044     rtsv7M4_T_le_v4SPD16_eabi.lib : autoinit.c.obj (.text:__TI_auto_init_nobinit_nopinit:__TI_auto_init_nobinit_nopinit)
                  00000ce8    00000040                                   : u_divt2.asm.obj (.text)
                  00000d28    00000038                                   : boot_cortex_m.c.obj (.text:_c_int00_noargs:_c_int00_noargs)
                  00000d60    00000034     driverlib.lib : sysctl.obj (.text:SysCtlPeripheralEnable)
                  00000d94    0000002a                   : gpio.obj (.text:GPIODirModeSet)
                  00000dbe    00000002     startup_ccs.obj (.text:FaultISR)
                  00000dc0    00000020     driverlib.lib : sysctl.obj (.text:_SysCtlMemTimingGet)
                  00000de0    0000001a     uart_echo.obj (.text:UARTprintf)
                  00000dfa    00000018     driverlib.lib : gpio.obj (.text:GPIOPinTypeGPIOOutput)
                  00000e12    00000012                   : gpio.obj (.text:GPIOPinTypeGPIOInput)
                  00000e24    00000012                   : gpio.obj (.text:GPIOPinTypeUART)
                  00000e36    00000012     rtsv7M4_T_le_v4SPD16_eabi.lib : copy_zero_init.c.obj (.text:decompress:ZI:__TI_zero_init_nomemset:__TI_zero_init_nomemset)
                  00000e48    0000000e                                   : copy_decompress_none.c.obj (.text:decompress:none:__TI_decompress_none)
                  00000e56    00000006     driverlib.lib : gpio.obj (.text:GPIOPinWrite)
                  00000e5c    00000006     startup_ccs.obj (.text:ResetISR)
                  00000e62    00000006     driverlib.lib : sysctl.obj (.text:SysCtlDelay)
                  00000e68    00000006                   : uart.obj (.text:UARTClockSourceSet)
                  00000e6e    00000004     rtsv7M4_T_le_v4SPD16_eabi.lib : pre_init.c.obj (.text:_system_pre_init)
                  00000e72    00000004                                   : exit.c.obj (.text:abort:abort)
                  00000e76    00000002     startup_ccs.obj (.text:IntDefaultHandler)
                  00000e78    00000002     startup_ccs.obj (.text:NmiSR)
                  00000e7a    00000002     rtsv7M4_T_le_v4SPD16_eabi.lib : div0.asm.obj (.text)

.const     0    00000e7c    000002fc     
                  00000e7c    000001b0     driverlib.lib : sysctl.obj (.const:g_pppui32XTALtoVCO)
                  0000102c    00000090                   : gpio.obj (.const:g_pui32GPIOBaseAddrs)
                  000010bc    0000006c                   : sysctl.obj (.const:g_pui32Xtals)
                  00001128    00000030                   : sysctl.obj (.const:g_sXTALtoMEMTIM)
                  00001158    0000000c     uart_echo.obj (.const:g_ui32UARTBase)
                  00001164    0000000c     uart_echo.obj (.const:g_ui32UARTPeriph)
                  00001170    00000008     driverlib.lib : sysctl.obj (.const)

.cinit     0    00001178    00000030     
                  00001178    0000000c     (__TI_handler_table)
                  00001184    00000004     --HOLE-- [fill = 0]
                  00001188    00000008     (.cinit..bss.load) [load image, compression = zero_init]
                  00001190    00000007     (.cinit..data.load) [load image, compression = lzss]
                  00001197    00000001     --HOLE-- [fill = 0]
                  00001198    00000010     (__TI_cinit_table)

.init_array 
*          0    00000000    00000000     UNINITIALIZED

.data      0    20000100    00000005     UNINITIALIZED
                  20000100    00000005     uart_echo.obj (.data)

.bss       0    20000108    00000004     UNINITIALIZED
                  20000108    00000004     (.common:g_ui32SysClock)

.stack     0    20000000    00000100     UNINITIALIZED
                  20000000    00000004     rtsv7M4_T_le_v4SPD16_eabi.lib : boot_cortex_m.c.obj (.stack)
                  20000004    000000fc     --HOLE--

MODULE SUMMARY

       Module                       code   ro data   rw data
       ------                       ----   -------   -------
    ./
       uart_echo.obj                1528   24        9      
       startup_ccs.obj              12     512       0      
    +--+----------------------------+------+---------+---------+
       Total:                       1540   536       9      
                                                            
    /Applications/ti/ccsv8/tools/compiler/ti-cgt-arm_18.1.1.LTS/lib/rtsv7M4_T_le_v4SPD16_eabi.lib
       memcpy_t2.asm.obj            156    0         0      
       copy_decompress_lzss.c.obj   104    0         0      
       autoinit.c.obj               68     0         0      
       u_divt2.asm.obj              64     0         0      
       boot_cortex_m.c.obj          56     0         0      
       copy_zero_init.c.obj         18     0         0      
       copy_decompress_none.c.obj   14     0         0      
       exit.c.obj                   4      0         0      
       pre_init.c.obj               4      0         0      
       div0.asm.obj                 2      0         0      
    +--+----------------------------+------+---------+---------+
       Total:                       490    0         0      
                                                            
    /Users/nathan/ti/SW-TM4C-2.1.4.178/driverlib/ccs/Debug/driverlib.lib
       sysctl.obj                   674    596       0      
       gpio.obj                     486    144       0      
       uart.obj                     6      0         0      
    +--+----------------------------+------+---------+---------+
       Total:                       1166   740       0      
                                                            
       Stack:                       0      0         256    
       Linker Generated:            0      43        0      
    +--+----------------------------+------+---------+---------+
       Grand Total:                 3196   1319      265    


LINKER GENERATED COPY TABLES

__TI_cinit_table @ 00001198 records: 2, size/record: 8, table size: 16
	.bss: load addr=00001188, load size=00000008 bytes, run addr=20000108, run size=00000004 bytes, compression=zero_init
	.data: load addr=00001190, load size=00000007 bytes, run addr=20000100, run size=00000005 bytes, compression=lzss


LINKER GENERATED HANDLER TABLE

__TI_handler_table @ 00001178 records: 3, size/record: 4, table size: 12
	index: 0, handler: __TI_decompress_lzss
	index: 1, handler: __TI_decompress_none
	index: 2, handler: __TI_zero_init


GLOBAL SYMBOLS: SORTED ALPHABETICALLY BY Name 

address   name                          
-------   ----                          
00000e73  C$$EXIT                       
00000975  ConsoleInit                   
000009fd  ConsoleIntHandler             
00000d95  GPIODirModeSet                
000005eb  GPIOPadConfigSet              
00000bcd  GPIOPinConfigure              
00000e13  GPIOPinTypeGPIOInput          
00000dfb  GPIOPinTypeGPIOOutput         
00000e25  GPIOPinTypeUART               
00000e57  GPIOPinWrite                  
00000831  RSInit                        
00000e5d  ResetISR                      
00000201  SysCtlClockFreqSet            
00000e63  SysCtlDelay                   
00000d61  SysCtlPeripheralEnable        
00000e69  UARTClockSourceSet            
00000a81  UARTIntHandler                
00000b6d  UARTStdioConfig               
00000de1  UARTprintf                    
00000401  UARTvprintf                   
00000c15  UARTwrite                     
20000100  __STACK_END                   
00000100  __STACK_SIZE                  
20000100  __STACK_TOP                   
00001198  __TI_CINIT_Base               
000011a8  __TI_CINIT_Limit              
00001178  __TI_Handler_Table_Base       
00001184  __TI_Handler_Table_Limit      
00000ca5  __TI_auto_init_nobinit_nopinit
00000b05  __TI_decompress_lzss          
00000e49  __TI_decompress_none          
ffffffff  __TI_pprof_out_hndl           
ffffffff  __TI_prof_data_size           
ffffffff  __TI_prof_data_start          
00000000  __TI_static_base__            
00000e37  __TI_zero_init_nomemset       
00000e7b  __aeabi_idiv0                 
00000e7b  __aeabi_ldiv0                 
000008d9  __aeabi_memcpy                
000008d9  __aeabi_memcpy4               
000008d9  __aeabi_memcpy8               
00000ce9  __aeabi_uidiv                 
00000ce9  __aeabi_uidivmod              
ffffffff  __binit__                     
ffffffff  __c_args__                    
UNDEFED   __mpu_init                    
20000000  __stack                       
00000d29  _c_int00_noargs               
UNDEFED   _system_post_cinit            
00000e6f  _system_pre_init              
00000e73  abort                         
ffffffff  binit                         
00000000  g_pfnVectors                  
20000108  g_ui32SysClock                
0000071d  main                          
000008d9  memcpy                        


GLOBAL SYMBOLS: SORTED BY Symbol Address 

address   name                          
-------   ----                          
00000000  __TI_static_base__            
00000000  g_pfnVectors                  
00000100  __STACK_SIZE                  
00000201  SysCtlClockFreqSet            
00000401  UARTvprintf                   
000005eb  GPIOPadConfigSet              
0000071d  main                          
00000831  RSInit                        
000008d9  __aeabi_memcpy                
000008d9  __aeabi_memcpy4               
000008d9  __aeabi_memcpy8               
000008d9  memcpy                        
00000975  ConsoleInit                   
000009fd  ConsoleIntHandler             
00000a81  UARTIntHandler                
00000b05  __TI_decompress_lzss          
00000b6d  UARTStdioConfig               
00000bcd  GPIOPinConfigure              
00000c15  UARTwrite                     
00000ca5  __TI_auto_init_nobinit_nopinit
00000ce9  __aeabi_uidiv                 
00000ce9  __aeabi_uidivmod              
00000d29  _c_int00_noargs               
00000d61  SysCtlPeripheralEnable        
00000d95  GPIODirModeSet                
00000de1  UARTprintf                    
00000dfb  GPIOPinTypeGPIOOutput         
00000e13  GPIOPinTypeGPIOInput          
00000e25  GPIOPinTypeUART               
00000e37  __TI_zero_init_nomemset       
00000e49  __TI_decompress_none          
00000e57  GPIOPinWrite                  
00000e5d  ResetISR                      
00000e63  SysCtlDelay                   
00000e69  UARTClockSourceSet            
00000e6f  _system_pre_init              
00000e73  C$$EXIT                       
00000e73  abort                         
00000e7b  __aeabi_idiv0                 
00000e7b  __aeabi_ldiv0                 
00001178  __TI_Handler_Table_Base       
00001184  __TI_Handler_Table_Limit      
00001198  __TI_CINIT_Base               
000011a8  __TI_CINIT_Limit              
20000000  __stack                       
20000100  __STACK_END                   
20000100  __STACK_TOP                   
20000108  g_ui32SysClock                
ffffffff  __TI_pprof_out_hndl           
ffffffff  __TI_prof_data_size           
ffffffff  __TI_prof_data_start          
ffffffff  __binit__                     
ffffffff  __c_args__                    
ffffffff  binit                         
UNDEFED   __mpu_init                    
UNDEFED   _system_post_cinit            

[56 symbols]
